......
......
......
......
Hand: 2D 1B 1I 5A 6H 3D
Player 1 plays 2D in column 2 row 2
......
..2D..
......
......
Hand(2): 4G 2G 4E 4C 8E 5E
Move? 