..........
..........
..........
..........
..........
Hand(1): 1A 2A 3A 4A 1B 3C
Move? Move? 1A........
..........
..........
..........
..........
Hand(2): 2B 3B 4B 5B 2C 4C
Move? Move? Move? Move? 