......
......
......
......
Hand(1): 4A 3A 2B 3B 8A 9A
Move? Move? ......
2B....
......
......
Hand(2): 8D 7B 8B 2D 1A 5A
Move? Move? 