......4A..
......1A..
....3A....
..........
..........
Hand: 1A 2B 3B 4B 6B 4C
Player 2 plays 1A in column 4 row 5
......4A..
......1A..
....3A....
..........
......1A..
Hand(1): 8A 9A 1B 5B 7B 7C
Move? 