..........
..........
..........
..........
..........
Hand(1): 2D 1B 1I 5A 6H 3D
Move? ..........
..........
..........
..1I......
..........
Hand: 4G 2G 4E 4C 8E 5E
Player 2 plays 4G in column 2 row 5
..........
..........
..........
..1I......
..4G......
Hand(1): 2D 1B 5A 6H 3D 8H
Move? 