..................
..................
..................
..................
..................
..................
..................
..................
..................
Hand: 2D 1B 1I 5A 6H 3D
Player 1 plays 2D in column 5 row 5
..................
..................
..................
..................
........2D........
..................
..................
..................
..................
Hand: 4G 2G 4E 4C 8E 5E
Player 2 plays 4G in column 5 row 6
..................
..................
..................
..................
........2D........
........4G........
..................
..................
..................
Hand: 1B 1I 5A 6H 3D 8H
Player 1 plays 1B in column 5 row 4
..................
..................
..................
........1B........
........2D........
........4G........
..................
..................
..................
Hand: 2G 4E 4C 8E 5E 3E
Player 2 plays 2G in column 5 row 7
..................
..................
..................
........1B........
........2D........
........4G........
........2G........
..................
..................
Hand: 1I 5A 6H 3D 8H 6K
Player 1 plays 1I in column 5 row 3
..................
..................
........1I........
........1B........
........2D........
........4G........
........2G........
..................
..................
Hand: 4E 4C 8E 5E 3E 5C
Player 2 plays 4E in column 5 row 8
..................
..................
........1I........
........1B........
........2D........
........4G........
........2G........
........4E........
..................
Hand: 5A 6H 3D 8H 6K 7E
Player 1 plays 5A in column 5 row 2
..................
........5A........
........1I........
........1B........
........2D........
........4G........
........2G........
........4E........
..................
Hand: 4C 8E 5E 3E 5C 5B
Player 2 plays 4C in column 5 row 9
..................
........5A........
........1I........
........1B........
........2D........
........4G........
........2G........
........4E........
........4C........
Hand: 6H 3D 8H 6K 7E 5D
Player 1 plays 6H in column 5 row 1
........6H........
........5A........
........1I........
........1B........
........2D........
........4G........
........2G........
........4E........
........4C........
Hand: 8E 5E 3E 5C 5B 7A
Player 2 plays 8E in column 6 row 9
........6H........
........5A........
........1I........
........1B........
........2D........
........4G........
........2G........
........4E........
........4C8E......
Hand: 3D 8H 6K 7E 5D 3F
Player 1 plays 3D in column 4 row 1
......3D6H........
........5A........
........1I........
........1B........
........2D........
........4G........
........2G........
........4E........
........4C8E......
Hand: 5E 3E 5C 5B 7A 7H
Player 2 plays 5E in column 7 row 9
......3D6H........
........5A........
........1I........
........1B........
........2D........
........4G........
........2G........
........4E........
........4C8E5E....
Hand: 8H 6K 7E 5D 3F 7G
Player 1 plays 8H in column 3 row 1
....8H3D6H........
........5A........
........1I........
........1B........
........2D........
........4G........
........2G........
........4E........
........4C8E5E....
Hand: 3E 5C 5B 7A 7H 7D
Player 2 plays 3E in column 8 row 9
....8H3D6H........
........5A........
........1I........
........1B........
........2D........
........4G........
........2G........
........4E........
........4C8E5E3E..
Hand: 6K 7E 5D 3F 7G 9C
Player 1 plays 6K in column 2 row 1
..6K8H3D6H........
........5A........
........1I........
........1B........
........2D........
........4G........
........2G........
........4E........
........4C8E5E3E..
Hand: 5C 5B 7A 7H 7D 1G
Player 2 plays 5C in column 9 row 9
..6K8H3D6H........
........5A........
........1I........
........1B........
........2D........
........4G........
........2G........
........4E........
........4C8E5E3E5C
Hand: 7E 5D 3F 7G 9C 9E
Player 1 plays 7E in column 1 row 1
7E6K8H3D6H........
........5A........
........1I........
........1B........
........2D........
........4G........
........2G........
........4E........
........4C8E5E3E5C
Hand: 5B 7A 7H 7D 1G 5I
Player 2 plays 5B in column 4 row 9
7E6K8H3D6H........
........5A........
........1I........
........1B........
........2D........
........4G........
........2G........
........4E........
......5B4C8E5E3E5C
Hand: 5D 3F 7G 9C 9E 3B
Player 1 plays 5D in column 6 row 1
7E6K8H3D6H5D......
........5A........
........1I........
........1B........
........2D........
........4G........
........2G........
........4E........
......5B4C8E5E3E5C
Hand: 7A 7H 7D 1G 5I 4F
Player 2 plays 7A in column 3 row 9
7E6K8H3D6H5D......
........5A........
........1I........
........1B........
........2D........
........4G........
........2G........
........4E........
....7A5B4C8E5E3E5C
Hand: 3F 7G 9C 9E 3B 6D
Player 1 plays 3F in column 7 row 1
7E6K8H3D6H5D3F....
........5A........
........1I........
........1B........
........2D........
........4G........
........2G........
........4E........
....7A5B4C8E5E3E5C
Hand: 7H 7D 1G 5I 4F 4A
Player 2 plays 7H in column 2 row 9
7E6K8H3D6H5D3F....
........5A........
........1I........
........1B........
........2D........
........4G........
........2G........
........4E........
..7H7A5B4C8E5E3E5C
Hand: 7G 9C 9E 3B 6D 9B
Player 1 plays 7G in column 8 row 1
7E6K8H3D6H5D3F7G..
........5A........
........1I........
........1B........
........2D........
........4G........
........2G........
........4E........
..7H7A5B4C8E5E3E5C
Hand: 7D 1G 5I 4F 4A 8I
Player 2 plays 7D in column 1 row 9
7E6K8H3D6H5D3F7G..
........5A........
........1I........
........1B........
........2D........
........4G........
........2G........
........4E........
7D7H7A5B4C8E5E3E5C
Hand: 9C 9E 3B 6D 9B 6B
Player 1 plays 9C in column 9 row 1
7E6K8H3D6H5D3F7G9C
........5A........
........1I........
........1B........
........2D........
........4G........
........2G........
........4E........
7D7H7A5B4C8E5E3E5C
Hand: 1G 5I 4F 4A 8I 9F
Player 2 plays 1G in column 9 row 8
7E6K8H3D6H5D3F7G9C
........5A........
........1I........
........1B........
........2D........
........4G........
........2G........
........4E......1G
7D7H7A5B4C8E5E3E5C
Hand: 9E 3B 6D 9B 6B 2I
Player 1 plays 9E in column 1 row 2
7E6K8H3D6H5D3F7G9C
9E......5A........
........1I........
........1B........
........2D........
........4G........
........2G........
........4E......1G
7D7H7A5B4C8E5E3E5C
Hand: 5I 4F 4A 8I 9F 8F
Player 2 plays 5I in column 8 row 8
7E6K8H3D6H5D3F7G9C
9E......5A........
........1I........
........1B........
........2D........
........4G........
........2G........
........4E....5I1G
7D7H7A5B4C8E5E3E5C
Hand: 3B 6D 9B 6B 2I 8C
Player 1 plays 3B in column 2 row 2
7E6K8H3D6H5D3F7G9C
9E3B....5A........
........1I........
........1B........
........2D........
........4G........
........2G........
........4E....5I1G
7D7H7A5B4C8E5E3E5C
Hand: 4F 4A 8I 9F 8F 5F
Player 2 plays 4F in column 7 row 8
7E6K8H3D6H5D3F7G9C
9E3B....5A........
........1I........
........1B........
........2D........
........4G........
........2G........
........4E..4F5I1G
7D7H7A5B4C8E5E3E5C
Hand: 6D 9B 6B 2I 8C 2F
Player 1 plays 6D in column 3 row 2
7E6K8H3D6H5D3F7G9C
9E3B6D..5A........
........1I........
........1B........
........2D........
........4G........
........2G........
........4E..4F5I1G
7D7H7A5B4C8E5E3E5C
Hand: 4A 8I 9F 8F 5F 4D
Player 2 plays 4A in column 6 row 8
7E6K8H3D6H5D3F7G9C
9E3B6D..5A........
........1I........
........1B........
........2D........
........4G........
........2G........
........4E4A4F5I1G
7D7H7A5B4C8E5E3E5C
Hand: 9B 6B 2I 8C 2F 1J
Player 1 plays 9B in column 4 row 2
7E6K8H3D6H5D3F7G9C
9E3B6D9B5A........
........1I........
........1B........
........2D........
........4G........
........2G........
........4E4A4F5I1G
7D7H7A5B4C8E5E3E5C
Hand: 8I 9F 8F 5F 4D 4H
Player 2 plays 8I in column 4 row 8
7E6K8H3D6H5D3F7G9C
9E3B6D9B5A........
........1I........
........1B........
........2D........
........4G........
........2G........
......8I4E4A4F5I1G
7D7H7A5B4C8E5E3E5C
Hand: 6B 2I 8C 2F 1J 6I
Player 1 plays 6B in column 6 row 2
7E6K8H3D6H5D3F7G9C
9E3B6D9B5A6B......
........1I........
........1B........
........2D........
........4G........
........2G........
......8I4E4A4F5I1G
7D7H7A5B4C8E5E3E5C
Hand: 9F 8F 5F 4D 4H 1D
Player 2 plays 9F in column 3 row 8
7E6K8H3D6H5D3F7G9C
9E3B6D9B5A6B......
........1I........
........1B........
........2D........
........4G........
........2G........
....9F8I4E4A4F5I1G
7D7H7A5B4C8E5E3E5C
Hand: 2I 8C 2F 1J 6I 2E
Player 1 plays 2I in column 7 row 2
7E6K8H3D6H5D3F7G9C
9E3B6D9B5A6B2I....
........1I........
........1B........
........2D........
........4G........
........2G........
....9F8I4E4A4F5I1G
7D7H7A5B4C8E5E3E5C
Hand: 8F 5F 4D 4H 1D 9K
Player 2 plays 8F in column 2 row 8
7E6K8H3D6H5D3F7G9C
9E3B6D9B5A6B2I....
........1I........
........1B........
........2D........
........4G........
........2G........
..8F9F8I4E4A4F5I1G
7D7H7A5B4C8E5E3E5C
Hand: 8C 2F 1J 6I 2E 6E
Player 1 plays 8C in column 8 row 2
7E6K8H3D6H5D3F7G9C
9E3B6D9B5A6B2I8C..
........1I........
........1B........
........2D........
........4G........
........2G........
..8F9F8I4E4A4F5I1G
7D7H7A5B4C8E5E3E5C
Hand: 5F 4D 4H 1D 9K 5G
Player 2 plays 5F in column 1 row 8
7E6K8H3D6H5D3F7G9C
9E3B6D9B5A6B2I8C..
........1I........
........1B........
........2D........
........4G........
........2G........
5F8F9F8I4E4A4F5I1G
7D7H7A5B4C8E5E3E5C
Hand: 2F 1J 6I 2E 6E 8A
Player 1 plays 2F in column 9 row 2
7E6K8H3D6H5D3F7G9C
9E3B6D9B5A6B2I8C2F
........1I........
........1B........
........2D........
........4G........
........2G........
5F8F9F8I4E4A4F5I1G
7D7H7A5B4C8E5E3E5C
Hand: 4D 4H 1D 9K 5G 2K
Player 2 plays 4D in column 9 row 7
7E6K8H3D6H5D3F7G9C
9E3B6D9B5A6B2I8C2F
........1I........
........1B........
........2D........
........4G........
........2G......4D
5F8F9F8I4E4A4F5I1G
7D7H7A5B4C8E5E3E5C
Hand: 1J 6I 2E 6E 8A 6G
Player 1 plays 1J in column 1 row 3
7E6K8H3D6H5D3F7G9C
9E3B6D9B5A6B2I8C2F
1J......1I........
........1B........
........2D........
........4G........
........2G......4D
5F8F9F8I4E4A4F5I1G
7D7H7A5B4C8E5E3E5C
Hand: 4H 1D 9K 5G 2K 3H
Player 2 plays 4H in column 8 row 7
7E6K8H3D6H5D3F7G9C
9E3B6D9B5A6B2I8C2F
1J......1I........
........1B........
........2D........
........4G........
........2G....4H4D
5F8F9F8I4E4A4F5I1G
7D7H7A5B4C8E5E3E5C
Hand: 6I 2E 6E 8A 6G 9G
Player 1 plays 6I in column 2 row 3
7E6K8H3D6H5D3F7G9C
9E3B6D9B5A6B2I8C2F
1J6I....1I........
........1B........
........2D........
........4G........
........2G....4H4D
5F8F9F8I4E4A4F5I1G
7D7H7A5B4C8E5E3E5C
Hand: 1D 9K 5G 2K 3H 3A
Player 2 plays 1D in column 7 row 7
7E6K8H3D6H5D3F7G9C
9E3B6D9B5A6B2I8C2F
1J6I....1I........
........1B........
........2D........
........4G........
........2G..1D4H4D
5F8F9F8I4E4A4F5I1G
7D7H7A5B4C8E5E3E5C
Hand: 2E 6E 8A 6G 9G 1H
Player 1 plays 2E in column 3 row 3
7E6K8H3D6H5D3F7G9C
9E3B6D9B5A6B2I8C2F
1J6I2E..1I........
........1B........
........2D........
........4G........
........2G..1D4H4D
5F8F9F8I4E4A4F5I1G
7D7H7A5B4C8E5E3E5C
Hand: 9K 5G 2K 3H 3A 5H
Player 2 plays 9K in column 6 row 7
7E6K8H3D6H5D3F7G9C
9E3B6D9B5A6B2I8C2F
1J6I2E..1I........
........1B........
........2D........
........4G........
........2G9K1D4H4D
5F8F9F8I4E4A4F5I1G
7D7H7A5B4C8E5E3E5C
Hand: 6E 8A 6G 9G 1H 2A
Player 1 plays 6E in column 4 row 3
7E6K8H3D6H5D3F7G9C
9E3B6D9B5A6B2I8C2F
1J6I2E6E1I........
........1B........
........2D........
........4G........
........2G9K1D4H4D
5F8F9F8I4E4A4F5I1G
7D7H7A5B4C8E5E3E5C
Hand: 5G 2K 3H 3A 5H 2B
Player 2 plays 5G in column 4 row 7
7E6K8H3D6H5D3F7G9C
9E3B6D9B5A6B2I8C2F
1J6I2E6E1I........
........1B........
........2D........
........4G........
......5G2G9K1D4H4D
5F8F9F8I4E4A4F5I1G
7D7H7A5B4C8E5E3E5C
Hand: 8A 6G 9G 1H 2A 6C
Player 1 plays 8A in column 6 row 3
7E6K8H3D6H5D3F7G9C
9E3B6D9B5A6B2I8C2F
1J6I2E6E1I8A......
........1B........
........2D........
........4G........
......5G2G9K1D4H4D
5F8F9F8I4E4A4F5I1G
7D7H7A5B4C8E5E3E5C
Hand: 2K 3H 3A 5H 2B 8B
Player 2 plays 2K in column 3 row 7
7E6K8H3D6H5D3F7G9C
9E3B6D9B5A6B2I8C2F
1J6I2E6E1I8A......
........1B........
........2D........
........4G........
....2K5G2G9K1D4H4D
5F8F9F8I4E4A4F5I1G
7D7H7A5B4C8E5E3E5C
Hand: 6G 9G 1H 2A 6C 7F
Player 1 plays 6G in column 7 row 3
7E6K8H3D6H5D3F7G9C
9E3B6D9B5A6B2I8C2F
1J6I2E6E1I8A6G....
........1B........
........2D........
........4G........
....2K5G2G9K1D4H4D
5F8F9F8I4E4A4F5I1G
7D7H7A5B4C8E5E3E5C
Hand: 3H 3A 5H 2B 8B 9A
Player 2 plays 3H in column 2 row 7
7E6K8H3D6H5D3F7G9C
9E3B6D9B5A6B2I8C2F
1J6I2E6E1I8A6G....
........1B........
........2D........
........4G........
..3H2K5G2G9K1D4H4D
5F8F9F8I4E4A4F5I1G
7D7H7A5B4C8E5E3E5C
Hand: 9G 1H 2A 6C 7F 3J
Player 1 plays 9G in column 8 row 3
7E6K8H3D6H5D3F7G9C
9E3B6D9B5A6B2I8C2F
1J6I2E6E1I8A6G9G..
........1B........
........2D........
........4G........
..3H2K5G2G9K1D4H4D
5F8F9F8I4E4A4F5I1G
7D7H7A5B4C8E5E3E5C
Hand: 3A 5H 2B 8B 9A 4I
Player 2 plays 3A in column 1 row 7
7E6K8H3D6H5D3F7G9C
9E3B6D9B5A6B2I8C2F
1J6I2E6E1I8A6G9G..
........1B........
........2D........
........4G........
3A3H2K5G2G9K1D4H4D
5F8F9F8I4E4A4F5I1G
7D7H7A5B4C8E5E3E5C
Hand: 1H 2A 6C 7F 3J 3G
Player 1 plays 1H in column 9 row 3
7E6K8H3D6H5D3F7G9C
9E3B6D9B5A6B2I8C2F
1J6I2E6E1I8A6G9G1H
........1B........
........2D........
........4G........
3A3H2K5G2G9K1D4H4D
5F8F9F8I4E4A4F5I1G
7D7H7A5B4C8E5E3E5C
Hand: 5H 2B 8B 9A 4I 4B
Player 2 plays 5H in column 9 row 6
7E6K8H3D6H5D3F7G9C
9E3B6D9B5A6B2I8C2F
1J6I2E6E1I8A6G9G1H
........1B........
........2D........
........4G......5H
3A3H2K5G2G9K1D4H4D
5F8F9F8I4E4A4F5I1G
7D7H7A5B4C8E5E3E5C
Hand: 2A 6C 7F 3J 3G 7B
Player 1 plays 2A in column 1 row 4
7E6K8H3D6H5D3F7G9C
9E3B6D9B5A6B2I8C2F
1J6I2E6E1I8A6G9G1H
2A......1B........
........2D........
........4G......5H
3A3H2K5G2G9K1D4H4D
5F8F9F8I4E4A4F5I1G
7D7H7A5B4C8E5E3E5C
Hand: 2B 8B 9A 4I 4B 3I
Player 2 plays 2B in column 8 row 6
7E6K8H3D6H5D3F7G9C
9E3B6D9B5A6B2I8C2F
1J6I2E6E1I8A6G9G1H
2A......1B........
........2D........
........4G....2B5H
3A3H2K5G2G9K1D4H4D
5F8F9F8I4E4A4F5I1G
7D7H7A5B4C8E5E3E5C
Hand: 6C 7F 3J 3G 7B 6A
Player 1 plays 6C in column 2 row 4
7E6K8H3D6H5D3F7G9C
9E3B6D9B5A6B2I8C2F
1J6I2E6E1I8A6G9G1H
2A6C....1B........
........2D........
........4G....2B5H
3A3H2K5G2G9K1D4H4D
5F8F9F8I4E4A4F5I1G
7D7H7A5B4C8E5E3E5C
Hand: 8B 9A 4I 4B 3I 9H
Player 2 plays 8B in column 7 row 6
7E6K8H3D6H5D3F7G9C
9E3B6D9B5A6B2I8C2F
1J6I2E6E1I8A6G9G1H
2A6C....1B........
........2D........
........4G..8B2B5H
3A3H2K5G2G9K1D4H4D
5F8F9F8I4E4A4F5I1G
7D7H7A5B4C8E5E3E5C
Hand: 7F 3J 3G 7B 6A 2C
Player 1 plays 7F in column 3 row 4
7E6K8H3D6H5D3F7G9C
9E3B6D9B5A6B2I8C2F
1J6I2E6E1I8A6G9G1H
2A6C7F..1B........
........2D........
........4G..8B2B5H
3A3H2K5G2G9K1D4H4D
5F8F9F8I4E4A4F5I1G
7D7H7A5B4C8E5E3E5C
Hand: 9A 4I 4B 3I 9H 1E
Player 2 plays 9A in column 6 row 6
7E6K8H3D6H5D3F7G9C
9E3B6D9B5A6B2I8C2F
1J6I2E6E1I8A6G9G1H
2A6C7F..1B........
........2D........
........4G9A8B2B5H
3A3H2K5G2G9K1D4H4D
5F8F9F8I4E4A4F5I1G
7D7H7A5B4C8E5E3E5C
Hand: 3J 3G 7B 6A 2C 6F
Player 1 plays 3J in column 4 row 4
7E6K8H3D6H5D3F7G9C
9E3B6D9B5A6B2I8C2F
1J6I2E6E1I8A6G9G1H
2A6C7F3J1B........
........2D........
........4G9A8B2B5H
3A3H2K5G2G9K1D4H4D
5F8F9F8I4E4A4F5I1G
7D7H7A5B4C8E5E3E5C
Hand: 4I 4B 3I 9H 1E 9D
Player 2 plays 4I in column 4 row 6
7E6K8H3D6H5D3F7G9C
9E3B6D9B5A6B2I8C2F
1J6I2E6E1I8A6G9G1H
2A6C7F3J1B........
........2D........
......4I4G9A8B2B5H
3A3H2K5G2G9K1D4H4D
5F8F9F8I4E4A4F5I1G
7D7H7A5B4C8E5E3E5C
Hand: 3G 7B 6A 2C 6F 1F
Player 1 plays 3G in column 6 row 4
7E6K8H3D6H5D3F7G9C
9E3B6D9B5A6B2I8C2F
1J6I2E6E1I8A6G9G1H
2A6C7F3J1B3G......
........2D........
......4I4G9A8B2B5H
3A3H2K5G2G9K1D4H4D
5F8F9F8I4E4A4F5I1G
7D7H7A5B4C8E5E3E5C
Hand: 4B 3I 9H 1E 9D 7C
Player 2 plays 4B in column 3 row 6
7E6K8H3D6H5D3F7G9C
9E3B6D9B5A6B2I8C2F
1J6I2E6E1I8A6G9G1H
2A6C7F3J1B3G......
........2D........
....4B4I4G9A8B2B5H
3A3H2K5G2G9K1D4H4D
5F8F9F8I4E4A4F5I1G
7D7H7A5B4C8E5E3E5C
Hand: 7B 6A 2C 6F 1F 7I
Player 1 plays 7B in column 7 row 4
7E6K8H3D6H5D3F7G9C
9E3B6D9B5A6B2I8C2F
1J6I2E6E1I8A6G9G1H
2A6C7F3J1B3G7B....
........2D........
....4B4I4G9A8B2B5H
3A3H2K5G2G9K1D4H4D
5F8F9F8I4E4A4F5I1G
7D7H7A5B4C8E5E3E5C
Hand: 3I 9H 1E 9D 7C 1C
Player 2 plays 3I in column 2 row 6
7E6K8H3D6H5D3F7G9C
9E3B6D9B5A6B2I8C2F
1J6I2E6E1I8A6G9G1H
2A6C7F3J1B3G7B....
........2D........
..3I4B4I4G9A8B2B5H
3A3H2K5G2G9K1D4H4D
5F8F9F8I4E4A4F5I1G
7D7H7A5B4C8E5E3E5C
Hand: 6A 2C 6F 1F 7I 9I
Player 1 plays 6A in column 8 row 4
7E6K8H3D6H5D3F7G9C
9E3B6D9B5A6B2I8C2F
1J6I2E6E1I8A6G9G1H
2A6C7F3J1B3G7B6A..
........2D........
..3I4B4I4G9A8B2B5H
3A3H2K5G2G9K1D4H4D
5F8F9F8I4E4A4F5I1G
7D7H7A5B4C8E5E3E5C
Hand: 9H 1E 9D 7C 1C 8G
Player 2 plays 9H in column 1 row 6
7E6K8H3D6H5D3F7G9C
9E3B6D9B5A6B2I8C2F
1J6I2E6E1I8A6G9G1H
2A6C7F3J1B3G7B6A..
........2D........
9H3I4B4I4G9A8B2B5H
3A3H2K5G2G9K1D4H4D
5F8F9F8I4E4A4F5I1G
7D7H7A5B4C8E5E3E5C
Hand: 2C 6F 1F 7I 9I 2J
Player 1 plays 2C in column 9 row 4
7E6K8H3D6H5D3F7G9C
9E3B6D9B5A6B2I8C2F
1J6I2E6E1I8A6G9G1H
2A6C7F3J1B3G7B6A2C
........2D........
9H3I4B4I4G9A8B2B5H
3A3H2K5G2G9K1D4H4D
5F8F9F8I4E4A4F5I1G
7D7H7A5B4C8E5E3E5C
Hand: 1E 9D 7C 1C 8G 2H
Player 2 plays 1E in column 9 row 5
7E6K8H3D6H5D3F7G9C
9E3B6D9B5A6B2I8C2F
1J6I2E6E1I8A6G9G1H
2A6C7F3J1B3G7B6A2C
........2D......1E
9H3I4B4I4G9A8B2B5H
3A3H2K5G2G9K1D4H4D
5F8F9F8I4E4A4F5I1G
7D7H7A5B4C8E5E3E5C
Hand: 6F 1F 7I 9I 2J 4J
Player 1 plays 6F in column 1 row 5
7E6K8H3D6H5D3F7G9C
9E3B6D9B5A6B2I8C2F
1J6I2E6E1I8A6G9G1H
2A6C7F3J1B3G7B6A2C
6F......2D......1E
9H3I4B4I4G9A8B2B5H
3A3H2K5G2G9K1D4H4D
5F8F9F8I4E4A4F5I1G
7D7H7A5B4C8E5E3E5C
Hand: 9D 7C 1C 8G 2H 5J
Player 2 plays 9D in column 8 row 5
7E6K8H3D6H5D3F7G9C
9E3B6D9B5A6B2I8C2F
1J6I2E6E1I8A6G9G1H
2A6C7F3J1B3G7B6A2C
6F......2D....9D1E
9H3I4B4I4G9A8B2B5H
3A3H2K5G2G9K1D4H4D
5F8F9F8I4E4A4F5I1G
7D7H7A5B4C8E5E3E5C
Hand: 1F 7I 9I 2J 4J 6J
Player 1 plays 1F in column 2 row 5
7E6K8H3D6H5D3F7G9C
9E3B6D9B5A6B2I8C2F
1J6I2E6E1I8A6G9G1H
2A6C7F3J1B3G7B6A2C
6F1F....2D....9D1E
9H3I4B4I4G9A8B2B5H
3A3H2K5G2G9K1D4H4D
5F8F9F8I4E4A4F5I1G
7D7H7A5B4C8E5E3E5C
Hand: 7C 1C 8G 2H 5J 7J
Player 2 plays 7C in column 7 row 5
7E6K8H3D6H5D3F7G9C
9E3B6D9B5A6B2I8C2F
1J6I2E6E1I8A6G9G1H
2A6C7F3J1B3G7B6A2C
6F1F....2D..7C9D1E
9H3I4B4I4G9A8B2B5H
3A3H2K5G2G9K1D4H4D
5F8F9F8I4E4A4F5I1G
7D7H7A5B4C8E5E3E5C
Hand: 7I 9I 2J 4J 6J 8J
Player 1 plays 7I in column 3 row 5
7E6K8H3D6H5D3F7G9C
9E3B6D9B5A6B2I8C2F
1J6I2E6E1I8A6G9G1H
2A6C7F3J1B3G7B6A2C
6F1F7I..2D..7C9D1E
9H3I4B4I4G9A8B2B5H
3A3H2K5G2G9K1D4H4D
5F8F9F8I4E4A4F5I1G
7D7H7A5B4C8E5E3E5C
Hand: 1C 8G 2H 5J 7J 9J
Player 2 plays 1C in column 6 row 5
7E6K8H3D6H5D3F7G9C
9E3B6D9B5A6B2I8C2F
1J6I2E6E1I8A6G9G1H
2A6C7F3J1B3G7B6A2C
6F1F7I..2D1C7C9D1E
9H3I4B4I4G9A8B2B5H
3A3H2K5G2G9K1D4H4D
5F8F9F8I4E4A4F5I1G
7D7H7A5B4C8E5E3E5C
Hand: 9I 2J 4J 6J 8J 1K
Player 1 plays 9I in column 4 row 5
7E6K8H3D6H5D3F7G9C
9E3B6D9B5A6B2I8C2F
1J6I2E6E1I8A6G9G1H
2A6C7F3J1B3G7B6A2C
6F1F7I9I2D1C7C9D1E
9H3I4B4I4G9A8B2B5H
3A3H2K5G2G9K1D4H4D
5F8F9F8I4E4A4F5I1G
7D7H7A5B4C8E5E3E5C
Player 1=4 Player 2=4
