..............
..............
..............
..............
..............
..............
..............
..............
..............
..............
..............
..............
Hand: 1A 2A 3A 4A 1B 3C
Player 1 plays 1A in column 4 row 6
..............
..............
..............
..............
..............
......1A......
..............
..............
..............
..............
..............
..............
Hand: 2B 3B 4B 5B 2C 4C
Player 2 plays 2B in column 4 row 7
..............
..............
..............
..............
..............
......1A......
......2B......
..............
..............
..............
..............
..............
Hand: 2A 3A 4A 1B 3C 5C
Player 1 plays 2A in column 4 row 5
..............
..............
..............
..............
......2A......
......1A......
......2B......
..............
..............
..............
..............
..............
Hand: 3B 4B 5B 2C 4C 6C
Player 2 plays 3B in column 4 row 8
..............
..............
..............
..............
......2A......
......1A......
......2B......
......3B......
..............
..............
..............
..............
Hand: 3A 4A 1B 3C 5C 7C
Player 1 plays 3A in column 4 row 4
..............
..............
..............
......3A......
......2A......
......1A......
......2B......
......3B......
..............
..............
..............
..............
Hand: 4B 5B 2C 4C 6C 8C
Player 2 plays 4B in column 4 row 9
..............
..............
..............
......3A......
......2A......
......1A......
......2B......
......3B......
......4B......
..............
..............
..............
Hand: 4A 1B 3C 5C 7C 1D
Player 1 plays 4A in column 4 row 3
..............
..............
......4A......
......3A......
......2A......
......1A......
......2B......
......3B......
......4B......
..............
..............
..............
Hand: 5B 2C 4C 6C 8C 2D
Player 2 plays 5B in column 4 row 10
..............
..............
......4A......
......3A......
......2A......
......1A......
......2B......
......3B......
......4B......
......5B......
..............
..............
Hand: 1B 3C 5C 7C 1D 3D
Player 1 plays 1B in column 4 row 2
..............
......1B......
......4A......
......3A......
......2A......
......1A......
......2B......
......3B......
......4B......
......5B......
..............
..............
Hand: 2C 4C 6C 8C 2D 4D
Player 2 plays 2C in column 4 row 11
..............
......1B......
......4A......
......3A......
......2A......
......1A......
......2B......
......3B......
......4B......
......5B......
......2C......
..............
Hand: 3C 5C 7C 1D 3D 5D
Player 1 plays 3C in column 4 row 1
......3C......
......1B......
......4A......
......3A......
......2A......
......1A......
......2B......
......3B......
......4B......
......5B......
......2C......
..............
Hand: 4C 6C 8C 2D 4D 7D
Player 2 plays 4C in column 4 row 12
......3C......
......1B......
......4A......
......3A......
......2A......
......1A......
......2B......
......3B......
......4B......
......5B......
......2C......
......4C......
Hand: 5C 7C 1D 3D 5D 1E
Player 1 plays 5C in column 3 row 1
....5C3C......
......1B......
......4A......
......3A......
......2A......
......1A......
......2B......
......3B......
......4B......
......5B......
......2C......
......4C......
Hand: 6C 8C 2D 4D 7D 2E
Player 2 plays 6C in column 5 row 12
....5C3C......
......1B......
......4A......
......3A......
......2A......
......1A......
......2B......
......3B......
......4B......
......5B......
......2C......
......4C6C....
Hand: 7C 1D 3D 5D 1E 3E
Player 1 plays 7C in column 2 row 1
..7C5C3C......
......1B......
......4A......
......3A......
......2A......
......1A......
......2B......
......3B......
......4B......
......5B......
......2C......
......4C6C....
Player 1=4 Player 2=4
