........
........
........
Hand(1): 1A 2A 3A 4A 1B 3C
Move? ........
........
..4A....
Hand: 2B 3B 4B 5B 2C 4C
Player 2 plays 2B in column 3 row 3
........
........
..4A2B..
Hand(1): 1A 2A 3A 1B 3C 5C
Move? ........
........
1B4A2B..
Hand: 3B 4B 5B 2C 4C 6C
Player 2 plays 3B in column 4 row 3
........
........
1B4A2B3B
Hand(1): 1A 2A 3A 3C 5C 7C
Move? ........
..3C....
1B4A2B3B
Hand: 4B 5B 2C 4C 6C 8C
Player 2 plays 4B in column 4 row 2
........
..3C..4B
1B4A2B3B
Hand(1): 1A 2A 3A 5C 7C 1D
Move? ..5C....
..3C..4B
1B4A2B3B
Hand: 5B 2C 4C 6C 8C 2D
Player 2 plays 5B in column 3 row 2
..5C....
..3C5B4B
1B4A2B3B
Hand(1): 1A 2A 3A 7C 1D 3D
Move? ..5C....
7C3C5B4B
1B4A2B3B
Hand: 2C 4C 6C 8C 2D 4D
Player 2 plays 2C in column 4 row 1
..5C..2C
7C3C5B4B
1B4A2B3B
Hand(1): 1A 2A 3A 1D 3D 5D
Move? 1D5C..2C
7C3C5B4B
1B4A2B3B
Hand: 4C 6C 8C 2D 4D 7D
Player 2 plays 4C in column 3 row 1
1D5C4C2C
7C3C5B4B
1B4A2B3B
Player 1=4 Player 2=4
