........
........
........
........
Hand(1): 4A 3A 2B 3B 8A 9A
Move? ........
........
....2B..
........
Hand(2): 8D 7B 8B 2D 1A 5A
Move? ........
....7B..
....2B..
........
Hand(1): 4A 3A 3B 8A 9A 7A
Move? Move? Move? ....4A..
....7B..
....2B..
........
Hand(2): 8D 8B 2D 1A 5A 4B
Move? ....4A..
....7B..
....2B..
....8D..
Player 1=1 Player 2=2
