........
........
........
Hand(1): 1A 2A 3A 4A 1B 3C
Move? 