......
......
3A..3C
3B....
Hand(2): 2B 4B 5B 2C 4C 6C
Move? Move? 